<area shape="rect" href="$bin_22mb_8c.html" title="2&#45;Max Bound solver." alt="" coords="5,80,85,107">
<area shape="rect" href="$abtsp_8c.html" title="Asymmetric Bottleneck TSP heuristic." alt="" coords="109,80,197,107">
<area shape="rect" href="$bin_2bap_8c.html" title="Bottleneck Assignment Problem solver." alt="" coords="221,80,299,107">
<area shape="rect" href="$bin_2bbssp_8c.html" title="Bottleneck Biconnected Spanning Subgraph solver." alt="" coords="323,80,413,107">
<area shape="rect" href="$bin_2bscssp_8c.html" title="Bottleneck strongly connected spanning subgraph problem solver." alt="" coords="437,80,533,107">
<area shape="rect" href="$bin_2btsp_8c.html" title="Bottleneck TSP heuristic." alt="" coords="557,80,637,107">
<area shape="rect" href="$cbtsp_8c.html" title="Constrained Bottleneck TSP heuristic." alt="" coords="661,80,747,107">
<area shape="rect" href="$bin_2dcbpb_8c.html" title="Degree Constrained Bottleneck Path Bound solver." alt="" coords="771,80,861,107">
<area shape="rect" href="$hash_8c.html" title="Hash testing." alt="" coords="885,80,968,107">
<area shape="rect" href="$histogram__data_8c.html" title="Edge length histogram data collector." alt="" coords="992,80,1141,107">
<area shape="rect" href="$linkern_8c.html" title="Lin&#45;Kernighan TSP heuristic." alt="" coords="1165,80,1261,107">
<area shape="rect" href="$tour__info_8c.html" title="Tour information." alt="" coords="1285,80,1392,107">
<area shape="rect" href="$bin_2tsp_8c.html" title="Traveling Salesman Problem solver." alt="" coords="1416,80,1488,107">
<area shape="rect" href="$lib_22mb_8c.html" title="2&#45;max bound implemenation." alt="" coords="1512,80,1587,107">
<area shape="rect" href="$lib_2bap_8c.html" title="Bottleneck assignment problem (BAP) implemenation." alt="" coords="1611,80,1683,107">
<area shape="rect" href="$lib_2bbssp_8c.html" title="Bottleneck biconnected spanning subgraph problem implemenation." alt="" coords="1707,80,1792,107">
<area shape="rect" href="$bintree_8c.html" title="Binary tree implementation." alt="" coords="1816,80,1907,107">
<area shape="rect" href="$lib_2bscssp_8c.html" title="Bottleneck strongly connected spanning subgraph problem implemenation." alt="" coords="1931,80,2021,107">
<area shape="rect" href="$lib_2btsp_8c.html" title="Bottleneck traveling salesman problem (BTSP) methods." alt="" coords="2045,80,2120,107">
<area shape="rect" href="$btsp__fun_8c.html" title="Cost matrix transformation functions." alt="" coords="2144,80,2245,107">
<area shape="rect" href="$lib_2dcbpb_8c.html" title="Degree constarined bottleneck paths bound." alt="" coords="2269,80,2355,107">
<area shape="rect" href="$options_8c.html" title="Helper for parsing program options." alt="" coords="2379,80,2472,107">
<area shape="rect" href="$problem_8c.html" title="Functions for working with problem data." alt="" coords="2496,80,2595,107">
<area shape="rect" href="$lib_2tsp_8c.html" title="TSP solver and Lin&#45;Kernighan heuristic." alt="" coords="2619,80,2685,107">
<area shape="rect" href="$util_8c.html" title="Useful utility functions." alt="" coords="2709,80,2776,107">
