<area shape="rect" href="$bin_22mb_8c.html" title="2&#45;Max Bound solver." alt="" coords="6,80,86,107">
<area shape="rect" href="$abtsp_8c.html" title="Asymmetric Bottleneck TSP heuristic." alt="" coords="110,80,198,107">
<area shape="rect" href="$bin_2bap_8c.html" title="Bottleneck Assignment Problem solver." alt="" coords="222,80,299,107">
<area shape="rect" href="$bin_2bbssp_8c.html" title="Bottleneck Biconnected Spanning Subgraph solver." alt="" coords="323,80,414,107">
<area shape="rect" href="$bin_2bscssp_8c.html" title="Bottleneck strongly connected spanning subgraph problem solver." alt="" coords="438,80,534,107">
<area shape="rect" href="$bin_2btsp_8c.html" title="Bottleneck TSP heuristic." alt="" coords="558,80,638,107">
<area shape="rect" href="$cbtsp_8c.html" title="Constrained Bottleneck TSP heuristic." alt="" coords="662,80,747,107">
<area shape="rect" href="$bin_2dcbpb_8c.html" title="Degree Constrained Bottleneck Path Bound solver." alt="" coords="771,80,862,107">
<area shape="rect" href="$hash_8c.html" title="Hash testing." alt="" coords="886,80,968,107">
<area shape="rect" href="$histogram__data_8c.html" title="Edge length histogram data collector." alt="" coords="992,80,1142,107">
<area shape="rect" href="$linkern_8c.html" title="Lin&#45;Kernighan TSP heuristic." alt="" coords="1166,80,1262,107">
<area shape="rect" href="$subproblem_8c.html" title="Sub&#45;problem generator." alt="" coords="1286,80,1411,107">
<area shape="rect" href="$tour__info_8c.html" title="Tour information." alt="" coords="1435,80,1542,107">
<area shape="rect" href="$bin_2tsp_8c.html" title="Traveling Salesman Problem solver." alt="" coords="1566,80,1638,107">
<area shape="rect" href="$lib_22mb_8c.html" title="2&#45;max bound implemenation." alt="" coords="1662,80,1736,107">
<area shape="rect" href="$lib_2bap_8c.html" title="Bottleneck assignment problem (BAP) implemenation." alt="" coords="1760,80,1832,107">
<area shape="rect" href="$lib_2bbssp_8c.html" title="Bottleneck biconnected spanning subgraph problem implemenation." alt="" coords="1856,80,1942,107">
<area shape="rect" href="$bintree_8c.html" title="Binary tree implementation." alt="" coords="1966,80,2056,107">
<area shape="rect" href="$lib_2bscssp_8c.html" title="Bottleneck strongly connected spanning subgraph problem implemenation." alt="" coords="2080,80,2171,107">
<area shape="rect" href="$lib_2btsp_8c.html" title="Bottleneck traveling salesman problem (BTSP) methods." alt="" coords="2195,80,2270,107">
<area shape="rect" href="$btsp__fun_8c.html" title="Cost matrix transformation functions." alt="" coords="2294,80,2395,107">
<area shape="rect" href="$lib_2dcbpb_8c.html" title="Degree constarined bottleneck paths bound." alt="" coords="2419,80,2504,107">
<area shape="rect" href="$options_8c.html" title="Helper for parsing program options." alt="" coords="2528,80,2622,107">
<area shape="rect" href="$problem_8c.html" title="Functions for working with problem data." alt="" coords="2646,80,2744,107">
<area shape="rect" href="$lib_2tsp_8c.html" title="TSP solver and Lin&#45;Kernighan heuristic." alt="" coords="2768,80,2835,107">
<area shape="rect" href="$util_8c.html" title="Useful utility functions." alt="" coords="2859,80,2926,107">
